// Vitest Snapshot v1, https://vitest.dev/guide/snapshot.html

exports[`Platform PlayerStatistic Test Suite > Should return playerStats of existing player 1`] = `
{
  "ballsInEnemy": 7,
  "ballsInOwnTeam": 8,
  "blockedByModerationUntil": null,
  "cards": {
    "1": [
      25,
      25,
      7,
    ],
    "13": [
      15,
      15,
      0,
    ],
    "4": [
      16,
      14,
      23,
    ],
    "7": [
      40,
      35,
      3,
    ],
    "8": [
      29,
      26,
      1,
    ],
    "engel": [
      1,
      1,
      0,
    ],
    "krieger": [
      0,
      0,
      0,
    ],
    "narr": [
      0,
      0,
      1,
    ],
    "tac": [
      12,
      12,
      1,
    ],
    "teufel": [
      2,
      2,
      2,
    ],
    "total": [
      427,
      373,
      88,
    ],
    "trickser": [
      16,
      15,
      6,
    ],
  },
  "coopBest4": 130,
  "coopBest6": 192,
  "coopWorst4": 130,
  "coopWorst6": 192,
  "gamesDistribution": {
    "aborted": 2,
    "lost4": 0,
    "lost6": 0,
    "running": 6,
    "teamAborted": 0,
    "teamWon": 2,
    "won4": 1,
    "won6": 0,
  },
  "history": [
    "c",
    "c",
    "w",
    "r",
    "r",
    "r",
    "r",
    "r",
    "r",
    "a",
    "a",
  ],
  "hof": [
    "verlag",
  ],
  "nAbgeworfen": 50,
  "nAussetzen": 19,
  "nBallsKickedEnemy": 5,
  "nBallsKickedOwnTeam": 12,
  "nBallsKickedSelf": 0,
  "nBallsLost": 4,
  "nMoves": 391,
  "people": {
    "UserB": [
      0,
      0,
      1,
      1,
      3,
    ],
    "UserC": [
      1,
      1,
      0,
      0,
      3,
    ],
    "UserD": [
      0,
      0,
      1,
      1,
      3,
    ],
    "UserE": [
      0,
      0,
      0,
      0,
      1,
    ],
    "UserF": [
      0,
      0,
      0,
      0,
      1,
    ],
  },
  "table": [
    100,
    50,
    81,
    78,
    73,
    87,
    60,
  ],
  "timePlayed": 5020,
  "userDescription": "",
}
`;

exports[`Platform PlayerStatistic Test Suite > Should return tournamentParticipations of existing player 1`] = `
[
  {
    "date": "2022-01-01T00:10:00.000Z",
    "exitRound": 2,
    "id": 1,
    "placement": 2,
    "team": {
      "name": "TeamA",
      "playerids": [
        1,
        2,
      ],
      "players": [
        "UserA",
        "UserB",
      ],
    },
    "title": "TournamentA",
    "totalRounds": 2,
  },
]
`;
